// Jest Snapshot v1, https://goo.gl/fbAQLP

exports[`unit test to search packages count number of package.json locates in node_module is same number folders ( without .bin ): modules 1`] = `
Array [
  "code-frame",
  "core",
  "generator",
  "helper-function-name",
  "helper-get-function-arity",
  "helper-member-expression-to-functions",
  "helper-module-imports",
  "helper-module-transforms",
  "helper-optimise-call-expression",
  "helper-plugin-utils",
  "helper-replace-supers",
  "helper-simple-access",
  "helper-split-export-declaration",
  "helper-validator-identifier",
  "helpers",
  "highlight",
  "parser",
  "plugin-syntax-async-generators",
  "plugin-syntax-bigint",
  "plugin-syntax-class-properties",
  "plugin-syntax-import-meta",
  "plugin-syntax-json-strings",
  "plugin-syntax-logical-assignment-operators",
  "plugin-syntax-nullish-coalescing-operator",
  "plugin-syntax-numeric-separator",
  "plugin-syntax-object-rest-spread",
  "plugin-syntax-optional-catch-binding",
  "plugin-syntax-optional-chaining",
  "runtime",
  "template",
  "traverse",
  "types",
  "v8-coverage",
  "watch",
  "cli",
  "config-conventional",
  "ensure",
  "execute-rule",
  "format",
  "is-ignored",
  "lint",
  "load",
  "message",
  "parse",
  "read",
  "resolve-extends",
  "rules",
  "to-lines",
  "top-level",
  "types",
  "deep",
  "emitter",
  "eslint-config",
  "sleeping-promise",
  "eslintrc",
  "load-nyc-config",
  "schema",
  "console",
  "core",
  "environment",
  "fake-timers",
  "globals",
  "reporters",
  "source-map",
  "test-result",
  "test-sequencer",
  "transform",
  "types",
  "file-exists",
  "promise-deferred",
  "fs.scandir",
  "fs.stat",
  "fs.walk",
  "commons",
  "fake-timers",
  "babel__core",
  "babel__generator",
  "babel__template",
  "babel__traverse",
  "command-exists",
  "graceful-fs",
  "humps",
  "istanbul-lib-coverage",
  "istanbul-lib-report",
  "istanbul-reports",
  "jest",
  "json-schema",
  "minimist",
  "node",
  "normalize-package-data",
  "parse-json",
  "prettier",
  "stack-utils",
  "yargs",
  "yargs-parser",
  "eslint-plugin",
  "experimental-utils",
  "parser",
  "scope-manager",
  "types",
  "typescript-estree",
  "visitor-keys",
  "JSONStream",
  "abab",
  "acorn",
  "acorn-globals",
  "acorn-jsx",
  "acorn-walk",
  "ajv",
  "ansi-colors",
  "ansi-escapes",
  "ansi-regex",
  "ansi-styles",
  "anymatch",
  "arg",
  "argparse",
  "arr-diff",
  "arr-flatten",
  "arr-union",
  "array-ify",
  "array-union",
  "array-unique",
  "arrify",
  "asn1",
  "assert-plus",
  "assign-symbols",
  "astral-regex",
  "asynckit",
  "at-least-node",
  "atob",
  "aws-sign2",
  "aws4",
  "babel-eslint",
  "babel-jest",
  "babel-plugin-istanbul",
  "babel-plugin-jest-hoist",
  "babel-preset-current-node-syntax",
  "babel-preset-jest",
  "balanced-match",
  "base",
  "bcrypt-pbkdf",
  "brace-expansion",
  "braces",
  "browser-process-hrtime",
  "bs-logger",
  "bser",
  "buffer-from",
  "cache-base",
  "callsites",
  "camelcase",
  "camelcase-keys",
  "capture-exit",
  "caseless",
  "chalk",
  "char-regex",
  "ci-info",
  "class-utils",
  "cli-cursor",
  "cli-spinners",
  "cliui",
  "clone",
  "co",
  "collect-v8-coverage",
  "collection-visit",
  "color-convert",
  "color-name",
  "combined-stream",
  "command-exists",
  "commander",
  "compare-func",
  "compare-versions",
  "component-emitter",
  "concat-map",
  "conventional-changelog-angular",
  "conventional-changelog-conventionalcommits",
  "conventional-commits-parser",
  "convert-source-map",
  "copy-descriptor",
  "core-js",
  "core-util-is",
  "cosmiconfig",
  "cross-spawn",
  "cssom",
  "cssstyle",
  "dargs",
  "dashdash",
  "data-urls",
  "debug",
  "decamelize",
  "decamelize-keys",
  "decimal.js",
  "decode-uri-component",
  "deep-is",
  "deepmerge",
  "defaults",
  "define-property",
  "delayed-stream",
  "detect-newline",
  "diff",
  "diff-sequences",
  "dir-glob",
  "doctrine",
  "domexception",
  "dot-prop",
  "ecc-jsbn",
  "emittery",
  "emoji-regex",
  "end-of-stream",
  "enquirer",
  "error-ex",
  "escape-string-regexp",
  "escodegen",
  "eslint",
  "eslint-plugin-eslint-comments",
  "eslint-plugin-import-helpers",
  "eslint-plugin-jest",
  "eslint-plugin-prefer-arrow",
  "eslint-plugin-sort-class-members",
  "eslint-scope",
  "eslint-utils",
  "eslint-visitor-keys",
  "espree",
  "esprima",
  "esquery",
  "esrecurse",
  "estraverse",
  "esutils",
  "exec-sh",
  "execa",
  "exit",
  "expand-brackets",
  "expect",
  "extend",
  "extend-shallow",
  "extglob",
  "extsprintf",
  "fast-deep-equal",
  "fast-glob",
  "fast-json-stable-stringify",
  "fast-levenshtein",
  "fastq",
  "fb-watchman",
  "file-entry-cache",
  "fill-range",
  "find-up",
  "find-versions",
  "flat-cache",
  "flatted",
  "for-in",
  "forever-agent",
  "form-data",
  "fragment-cache",
  "fs-extra",
  "fs.realpath",
  "functional-red-black-tree",
  "gensync",
  "get-caller-file",
  "get-package-type",
  "get-stdin",
  "get-stream",
  "get-value",
  "getpass",
  "git-raw-commits",
  "glob",
  "glob-parent",
  "global-dirs",
  "globals",
  "globby",
  "graceful-fs",
  "growly",
  "har-schema",
  "har-validator",
  "hard-rejection",
  "has-flag",
  "has-value",
  "has-values",
  "hosted-git-info",
  "html-encoding-sniffer",
  "html-escaper",
  "http-signature",
  "human-signals",
  "humps",
  "husky",
  "iconv-lite",
  "ignore",
  "import-fresh",
  "import-local",
  "imurmurhash",
  "indent-string",
  "inflight",
  "inherits",
  "ini",
  "ip-regex",
  "is-accessor-descriptor",
  "is-arrayish",
  "is-buffer",
  "is-ci",
  "is-data-descriptor",
  "is-descriptor",
  "is-docker",
  "is-extendable",
  "is-extglob",
  "is-fullwidth-code-point",
  "is-generator-fn",
  "is-glob",
  "is-interactive",
  "is-number",
  "is-obj",
  "is-plain-obj",
  "is-plain-object",
  "is-potential-custom-element-name",
  "is-stream",
  "is-text-path",
  "is-typedarray",
  "is-windows",
  "is-wsl",
  "isarray",
  "isexe",
  "isobject",
  "isstream",
  "istanbul-lib-coverage",
  "istanbul-lib-instrument",
  "istanbul-lib-report",
  "istanbul-lib-source-maps",
  "istanbul-reports",
  "jest",
  "jest-changed-files",
  "jest-cli",
  "jest-config",
  "jest-diff",
  "jest-docblock",
  "jest-each",
  "jest-environment-jsdom",
  "jest-environment-node",
  "jest-get-type",
  "jest-haste-map",
  "jest-jasmine2",
  "jest-leak-detector",
  "jest-matcher-utils",
  "jest-message-util",
  "jest-mock",
  "jest-pnp-resolver",
  "jest-regex-util",
  "jest-resolve",
  "jest-resolve-dependencies",
  "jest-runner",
  "jest-runtime",
  "jest-serializer",
  "jest-snapshot",
  "jest-util",
  "jest-validate",
  "jest-watcher",
  "jest-worker",
  "js-tokens",
  "js-yaml",
  "jsbn",
  "jsdom",
  "jsesc",
  "json-parse-even-better-errors",
  "json-schema",
  "json-schema-traverse",
  "json-stable-stringify-without-jsonify",
  "json-stringify-safe",
  "json5",
  "jsonfile",
  "jsonparse",
  "jsprim",
  "kind-of",
  "kleur",
  "leven",
  "levn",
  "lines-and-columns",
  "locate-path",
  "lodash",
  "lodash._reinterpolate",
  "lodash.memoize",
  "lodash.sortby",
  "lodash.template",
  "lodash.templatesettings",
  "log-symbols",
  "lru-cache",
  "make-dir",
  "make-error",
  "makeerror",
  "map-cache",
  "map-obj",
  "map-visit",
  "meow",
  "merge-stream",
  "merge2",
  "micromatch",
  "mime-db",
  "mime-types",
  "mimic-fn",
  "min-indent",
  "minimatch",
  "minimist",
  "minimist-options",
  "mixin-deep",
  "mkdirp",
  "ms",
  "mute-stream",
  "nanomatch",
  "natural-compare",
  "nice-try",
  "node-int64",
  "node-modules-regexp",
  "node-notifier",
  "normalize-package-data",
  "normalize-path",
  "npm-run-path",
  "nwsapi",
  "oauth-sign",
  "object-copy",
  "object-visit",
  "object.pick",
  "once",
  "onetime",
  "opencollective-postinstall",
  "optionator",
  "ora",
  "p-each-series",
  "p-finally",
  "p-limit",
  "p-locate",
  "p-try",
  "parent-module",
  "parse-json",
  "parse5",
  "pascalcase",
  "path-exists",
  "path-is-absolute",
  "path-key",
  "path-parse",
  "path-type",
  "performance-now",
  "picomatch",
  "pirates",
  "pkg-dir",
  "please-upgrade-node",
  "posix-character-classes",
  "prelude-ls",
  "pretty-format",
  "process-nextick-args",
  "progress",
  "prompts",
  "psl",
  "pump",
  "punycode",
  "q",
  "qs",
  "quick-lru",
  "react-is",
  "read-pkg",
  "read-pkg-up",
  "readable-stream",
  "redent",
  "regenerator-runtime",
  "regex-not",
  "regexpp",
  "remove-trailing-separator",
  "repeat-element",
  "repeat-string",
  "request",
  "request-promise-core",
  "request-promise-native",
  "require-directory",
  "require-main-filename",
  "resolve",
  "resolve-cwd",
  "resolve-from",
  "resolve-global",
  "resolve-url",
  "restore-cursor",
  "ret",
  "reusify",
  "rimraf",
  "rsvp",
  "run-parallel",
  "safe-buffer",
  "safe-regex",
  "safer-buffer",
  "sane",
  "saxes",
  "semver",
  "semver-compare",
  "semver-regex",
  "set-blocking",
  "set-value",
  "shebang-command",
  "shebang-regex",
  "shellwords",
  "signal-exit",
  "simple-git",
  "sisteransi",
  "slash",
  "slice-ansi",
  "snapdragon",
  "snapdragon-node",
  "snapdragon-util",
  "source-map",
  "source-map-resolve",
  "source-map-support",
  "source-map-url",
  "spdx-correct",
  "spdx-exceptions",
  "spdx-expression-parse",
  "spdx-license-ids",
  "split-string",
  "split2",
  "sprintf-js",
  "sshpk",
  "stack-utils",
  "static-extend",
  "stealthy-require",
  "string-length",
  "string-width",
  "string_decoder",
  "strip-ansi",
  "strip-bom",
  "strip-eof",
  "strip-final-newline",
  "strip-indent",
  "strip-json-comments",
  "supports-color",
  "supports-hyperlinks",
  "symbol-tree",
  "table",
  "terminal-link",
  "test-exclude",
  "text-extensions",
  "text-table",
  "throat",
  "through",
  "through2",
  "tmpl",
  "to-fast-properties",
  "to-object-path",
  "to-regex",
  "to-regex-range",
  "tough-cookie",
  "tr46",
  "trim-newlines",
  "trim-off-newlines",
  "ts-jest",
  "ts-node",
  "tslib",
  "tsutils",
  "tunnel-agent",
  "tweetnacl",
  "type-check",
  "type-detect",
  "type-fest",
  "typedarray-to-buffer",
  "typescript",
  "union-value",
  "universalify",
  "unset-value",
  "uri-js",
  "urix",
  "use",
  "util-deprecate",
  "uuid",
  "v8-compile-cache",
  "v8-to-istanbul",
  "validate-npm-package-license",
  "verror",
  "w3c-hr-time",
  "w3c-xmlserializer",
  "walker",
  "wcwidth",
  "webidl-conversions",
  "whatwg-encoding",
  "whatwg-mimetype",
  "whatwg-url",
  "which",
  "which-module",
  "which-pm-runs",
  "word-wrap",
  "wrap-ansi",
  "wrappy",
  "write",
  "write-file-atomic",
  "ws",
  "xml-name-validator",
  "xmlchars",
  "xtend",
  "y18n",
  "yallist",
  "yaml",
  "yargs",
  "yargs-parser",
  "yn",
]
`;

exports[`unit test to search packages count number of package.json locates in node_module is same number folders ( without .bin ): sought 1`] = `
Array [
  "node_modules/@babel/code-frame/package.json",
  "node_modules/@babel/core/package.json",
  "node_modules/@babel/generator/package.json",
  "node_modules/@babel/helper-function-name/package.json",
  "node_modules/@babel/helper-get-function-arity/package.json",
  "node_modules/@babel/helper-member-expression-to-functions/package.json",
  "node_modules/@babel/helper-module-imports/package.json",
  "node_modules/@babel/helper-module-transforms/package.json",
  "node_modules/@babel/helper-optimise-call-expression/package.json",
  "node_modules/@babel/helper-plugin-utils/package.json",
  "node_modules/@babel/helper-replace-supers/package.json",
  "node_modules/@babel/helper-simple-access/package.json",
  "node_modules/@babel/helper-split-export-declaration/package.json",
  "node_modules/@babel/helper-validator-identifier/package.json",
  "node_modules/@babel/helpers/package.json",
  "node_modules/@babel/highlight/package.json",
  "node_modules/@babel/parser/package.json",
  "node_modules/@babel/plugin-syntax-async-generators/package.json",
  "node_modules/@babel/plugin-syntax-bigint/package.json",
  "node_modules/@babel/plugin-syntax-class-properties/package.json",
  "node_modules/@babel/plugin-syntax-import-meta/package.json",
  "node_modules/@babel/plugin-syntax-json-strings/package.json",
  "node_modules/@babel/plugin-syntax-logical-assignment-operators/package.json",
  "node_modules/@babel/plugin-syntax-nullish-coalescing-operator/package.json",
  "node_modules/@babel/plugin-syntax-numeric-separator/package.json",
  "node_modules/@babel/plugin-syntax-object-rest-spread/package.json",
  "node_modules/@babel/plugin-syntax-optional-catch-binding/package.json",
  "node_modules/@babel/plugin-syntax-optional-chaining/package.json",
  "node_modules/@babel/runtime/package.json",
  "node_modules/@babel/template/package.json",
  "node_modules/@babel/traverse/package.json",
  "node_modules/@babel/types/package.json",
  "node_modules/@bcoe/v8-coverage/package.json",
  "node_modules/@cnakazawa/watch/package.json",
  "node_modules/@commitlint/cli/package.json",
  "node_modules/@commitlint/config-conventional/package.json",
  "node_modules/@commitlint/ensure/package.json",
  "node_modules/@commitlint/execute-rule/package.json",
  "node_modules/@commitlint/format/package.json",
  "node_modules/@commitlint/is-ignored/package.json",
  "node_modules/@commitlint/lint/package.json",
  "node_modules/@commitlint/load/package.json",
  "node_modules/@commitlint/message/package.json",
  "node_modules/@commitlint/parse/package.json",
  "node_modules/@commitlint/read/package.json",
  "node_modules/@commitlint/resolve-extends/package.json",
  "node_modules/@commitlint/rules/package.json",
  "node_modules/@commitlint/to-lines/package.json",
  "node_modules/@commitlint/top-level/package.json",
  "node_modules/@commitlint/types/package.json",
  "node_modules/@cookiex/deep/package.json",
  "node_modules/@cookiex/emitter/package.json",
  "node_modules/@cookiex/eslint-config/package.json",
  "node_modules/@cookiex/sleeping-promise/package.json",
  "node_modules/@eslint/eslintrc/package.json",
  "node_modules/@istanbuljs/load-nyc-config/package.json",
  "node_modules/@istanbuljs/schema/package.json",
  "node_modules/@jest/console/package.json",
  "node_modules/@jest/core/package.json",
  "node_modules/@jest/environment/package.json",
  "node_modules/@jest/fake-timers/package.json",
  "node_modules/@jest/globals/package.json",
  "node_modules/@jest/reporters/package.json",
  "node_modules/@jest/source-map/package.json",
  "node_modules/@jest/test-result/package.json",
  "node_modules/@jest/test-sequencer/package.json",
  "node_modules/@jest/transform/package.json",
  "node_modules/@jest/types/package.json",
  "node_modules/@kwsites/file-exists/package.json",
  "node_modules/@kwsites/promise-deferred/package.json",
  "node_modules/@nodelib/fs.scandir/package.json",
  "node_modules/@nodelib/fs.stat/package.json",
  "node_modules/@nodelib/fs.walk/package.json",
  "node_modules/@sinonjs/commons/package.json",
  "node_modules/@sinonjs/fake-timers/package.json",
  "node_modules/@types/babel__core/package.json",
  "node_modules/@types/babel__generator/package.json",
  "node_modules/@types/babel__template/package.json",
  "node_modules/@types/babel__traverse/package.json",
  "node_modules/@types/command-exists/package.json",
  "node_modules/@types/graceful-fs/package.json",
  "node_modules/@types/humps/package.json",
  "node_modules/@types/istanbul-lib-coverage/package.json",
  "node_modules/@types/istanbul-lib-report/package.json",
  "node_modules/@types/istanbul-reports/package.json",
  "node_modules/@types/jest/package.json",
  "node_modules/@types/json-schema/package.json",
  "node_modules/@types/minimist/package.json",
  "node_modules/@types/node/package.json",
  "node_modules/@types/normalize-package-data/package.json",
  "node_modules/@types/parse-json/package.json",
  "node_modules/@types/prettier/package.json",
  "node_modules/@types/stack-utils/package.json",
  "node_modules/@types/yargs/package.json",
  "node_modules/@types/yargs-parser/package.json",
  "node_modules/@typescript-eslint/eslint-plugin/package.json",
  "node_modules/@typescript-eslint/experimental-utils/package.json",
  "node_modules/@typescript-eslint/parser/package.json",
  "node_modules/@typescript-eslint/scope-manager/package.json",
  "node_modules/@typescript-eslint/types/package.json",
  "node_modules/@typescript-eslint/typescript-estree/package.json",
  "node_modules/@typescript-eslint/visitor-keys/package.json",
  "node_modules/JSONStream/package.json",
  "node_modules/abab/package.json",
  "node_modules/acorn/package.json",
  "node_modules/acorn-globals/package.json",
  "node_modules/acorn-jsx/package.json",
  "node_modules/acorn-walk/package.json",
  "node_modules/ajv/package.json",
  "node_modules/ansi-colors/package.json",
  "node_modules/ansi-escapes/package.json",
  "node_modules/ansi-regex/package.json",
  "node_modules/ansi-styles/package.json",
  "node_modules/anymatch/package.json",
  "node_modules/arg/package.json",
  "node_modules/argparse/package.json",
  "node_modules/arr-diff/package.json",
  "node_modules/arr-flatten/package.json",
  "node_modules/arr-union/package.json",
  "node_modules/array-ify/package.json",
  "node_modules/array-union/package.json",
  "node_modules/array-unique/package.json",
  "node_modules/arrify/package.json",
  "node_modules/asn1/package.json",
  "node_modules/assert-plus/package.json",
  "node_modules/assign-symbols/package.json",
  "node_modules/astral-regex/package.json",
  "node_modules/asynckit/package.json",
  "node_modules/at-least-node/package.json",
  "node_modules/atob/package.json",
  "node_modules/aws-sign2/package.json",
  "node_modules/aws4/package.json",
  "node_modules/babel-eslint/package.json",
  "node_modules/babel-jest/package.json",
  "node_modules/babel-plugin-istanbul/package.json",
  "node_modules/babel-plugin-jest-hoist/package.json",
  "node_modules/babel-preset-current-node-syntax/package.json",
  "node_modules/babel-preset-jest/package.json",
  "node_modules/balanced-match/package.json",
  "node_modules/base/package.json",
  "node_modules/bcrypt-pbkdf/package.json",
  "node_modules/brace-expansion/package.json",
  "node_modules/braces/package.json",
  "node_modules/browser-process-hrtime/package.json",
  "node_modules/bs-logger/package.json",
  "node_modules/bser/package.json",
  "node_modules/buffer-from/package.json",
  "node_modules/cache-base/package.json",
  "node_modules/callsites/package.json",
  "node_modules/camelcase/package.json",
  "node_modules/camelcase-keys/package.json",
  "node_modules/capture-exit/package.json",
  "node_modules/caseless/package.json",
  "node_modules/chalk/package.json",
  "node_modules/char-regex/package.json",
  "node_modules/ci-info/package.json",
  "node_modules/class-utils/package.json",
  "node_modules/cli-cursor/package.json",
  "node_modules/cli-spinners/package.json",
  "node_modules/cliui/package.json",
  "node_modules/clone/package.json",
  "node_modules/co/package.json",
  "node_modules/collect-v8-coverage/package.json",
  "node_modules/collection-visit/package.json",
  "node_modules/color-convert/package.json",
  "node_modules/color-name/package.json",
  "node_modules/combined-stream/package.json",
  "node_modules/command-exists/package.json",
  "node_modules/commander/package.json",
  "node_modules/compare-func/package.json",
  "node_modules/compare-versions/package.json",
  "node_modules/component-emitter/package.json",
  "node_modules/concat-map/package.json",
  "node_modules/conventional-changelog-angular/package.json",
  "node_modules/conventional-changelog-conventionalcommits/package.json",
  "node_modules/conventional-commits-parser/package.json",
  "node_modules/convert-source-map/package.json",
  "node_modules/copy-descriptor/package.json",
  "node_modules/core-js/package.json",
  "node_modules/core-util-is/package.json",
  "node_modules/cosmiconfig/package.json",
  "node_modules/cross-spawn/package.json",
  "node_modules/cssom/package.json",
  "node_modules/cssstyle/package.json",
  "node_modules/dargs/package.json",
  "node_modules/dashdash/package.json",
  "node_modules/data-urls/package.json",
  "node_modules/debug/package.json",
  "node_modules/decamelize/package.json",
  "node_modules/decamelize-keys/package.json",
  "node_modules/decimal.js/package.json",
  "node_modules/decode-uri-component/package.json",
  "node_modules/deep-is/package.json",
  "node_modules/deepmerge/package.json",
  "node_modules/defaults/package.json",
  "node_modules/define-property/package.json",
  "node_modules/delayed-stream/package.json",
  "node_modules/detect-newline/package.json",
  "node_modules/diff/package.json",
  "node_modules/diff-sequences/package.json",
  "node_modules/dir-glob/package.json",
  "node_modules/doctrine/package.json",
  "node_modules/domexception/package.json",
  "node_modules/dot-prop/package.json",
  "node_modules/ecc-jsbn/package.json",
  "node_modules/emittery/package.json",
  "node_modules/emoji-regex/package.json",
  "node_modules/end-of-stream/package.json",
  "node_modules/enquirer/package.json",
  "node_modules/error-ex/package.json",
  "node_modules/escape-string-regexp/package.json",
  "node_modules/escodegen/package.json",
  "node_modules/eslint/package.json",
  "node_modules/eslint-plugin-eslint-comments/package.json",
  "node_modules/eslint-plugin-import-helpers/package.json",
  "node_modules/eslint-plugin-jest/package.json",
  "node_modules/eslint-plugin-prefer-arrow/package.json",
  "node_modules/eslint-plugin-sort-class-members/package.json",
  "node_modules/eslint-scope/package.json",
  "node_modules/eslint-utils/package.json",
  "node_modules/eslint-visitor-keys/package.json",
  "node_modules/espree/package.json",
  "node_modules/esprima/package.json",
  "node_modules/esquery/package.json",
  "node_modules/esrecurse/package.json",
  "node_modules/estraverse/package.json",
  "node_modules/esutils/package.json",
  "node_modules/exec-sh/package.json",
  "node_modules/execa/package.json",
  "node_modules/exit/package.json",
  "node_modules/expand-brackets/package.json",
  "node_modules/expect/package.json",
  "node_modules/extend/package.json",
  "node_modules/extend-shallow/package.json",
  "node_modules/extglob/package.json",
  "node_modules/extsprintf/package.json",
  "node_modules/fast-deep-equal/package.json",
  "node_modules/fast-glob/package.json",
  "node_modules/fast-json-stable-stringify/package.json",
  "node_modules/fast-levenshtein/package.json",
  "node_modules/fastq/package.json",
  "node_modules/fb-watchman/package.json",
  "node_modules/file-entry-cache/package.json",
  "node_modules/fill-range/package.json",
  "node_modules/find-up/package.json",
  "node_modules/find-versions/package.json",
  "node_modules/flat-cache/package.json",
  "node_modules/flatted/package.json",
  "node_modules/for-in/package.json",
  "node_modules/forever-agent/package.json",
  "node_modules/form-data/package.json",
  "node_modules/fragment-cache/package.json",
  "node_modules/fs-extra/package.json",
  "node_modules/fs.realpath/package.json",
  "node_modules/functional-red-black-tree/package.json",
  "node_modules/gensync/package.json",
  "node_modules/get-caller-file/package.json",
  "node_modules/get-package-type/package.json",
  "node_modules/get-stdin/package.json",
  "node_modules/get-stream/package.json",
  "node_modules/get-value/package.json",
  "node_modules/getpass/package.json",
  "node_modules/git-raw-commits/package.json",
  "node_modules/glob/package.json",
  "node_modules/glob-parent/package.json",
  "node_modules/global-dirs/package.json",
  "node_modules/globals/package.json",
  "node_modules/globby/package.json",
  "node_modules/graceful-fs/package.json",
  "node_modules/growly/package.json",
  "node_modules/har-schema/package.json",
  "node_modules/har-validator/package.json",
  "node_modules/hard-rejection/package.json",
  "node_modules/has-flag/package.json",
  "node_modules/has-value/package.json",
  "node_modules/has-values/package.json",
  "node_modules/hosted-git-info/package.json",
  "node_modules/html-encoding-sniffer/package.json",
  "node_modules/html-escaper/package.json",
  "node_modules/http-signature/package.json",
  "node_modules/human-signals/package.json",
  "node_modules/humps/package.json",
  "node_modules/husky/package.json",
  "node_modules/iconv-lite/package.json",
  "node_modules/ignore/package.json",
  "node_modules/import-fresh/package.json",
  "node_modules/import-local/package.json",
  "node_modules/imurmurhash/package.json",
  "node_modules/indent-string/package.json",
  "node_modules/inflight/package.json",
  "node_modules/inherits/package.json",
  "node_modules/ini/package.json",
  "node_modules/ip-regex/package.json",
  "node_modules/is-accessor-descriptor/package.json",
  "node_modules/is-arrayish/package.json",
  "node_modules/is-buffer/package.json",
  "node_modules/is-ci/package.json",
  "node_modules/is-data-descriptor/package.json",
  "node_modules/is-descriptor/package.json",
  "node_modules/is-docker/package.json",
  "node_modules/is-extendable/package.json",
  "node_modules/is-extglob/package.json",
  "node_modules/is-fullwidth-code-point/package.json",
  "node_modules/is-generator-fn/package.json",
  "node_modules/is-glob/package.json",
  "node_modules/is-interactive/package.json",
  "node_modules/is-number/package.json",
  "node_modules/is-obj/package.json",
  "node_modules/is-plain-obj/package.json",
  "node_modules/is-plain-object/package.json",
  "node_modules/is-potential-custom-element-name/package.json",
  "node_modules/is-stream/package.json",
  "node_modules/is-text-path/package.json",
  "node_modules/is-typedarray/package.json",
  "node_modules/is-windows/package.json",
  "node_modules/is-wsl/package.json",
  "node_modules/isarray/package.json",
  "node_modules/isexe/package.json",
  "node_modules/isobject/package.json",
  "node_modules/isstream/package.json",
  "node_modules/istanbul-lib-coverage/package.json",
  "node_modules/istanbul-lib-instrument/package.json",
  "node_modules/istanbul-lib-report/package.json",
  "node_modules/istanbul-lib-source-maps/package.json",
  "node_modules/istanbul-reports/package.json",
  "node_modules/jest/package.json",
  "node_modules/jest-changed-files/package.json",
  "node_modules/jest-cli/package.json",
  "node_modules/jest-config/package.json",
  "node_modules/jest-diff/package.json",
  "node_modules/jest-docblock/package.json",
  "node_modules/jest-each/package.json",
  "node_modules/jest-environment-jsdom/package.json",
  "node_modules/jest-environment-node/package.json",
  "node_modules/jest-get-type/package.json",
  "node_modules/jest-haste-map/package.json",
  "node_modules/jest-jasmine2/package.json",
  "node_modules/jest-leak-detector/package.json",
  "node_modules/jest-matcher-utils/package.json",
  "node_modules/jest-message-util/package.json",
  "node_modules/jest-mock/package.json",
  "node_modules/jest-pnp-resolver/package.json",
  "node_modules/jest-regex-util/package.json",
  "node_modules/jest-resolve/package.json",
  "node_modules/jest-resolve-dependencies/package.json",
  "node_modules/jest-runner/package.json",
  "node_modules/jest-runtime/package.json",
  "node_modules/jest-serializer/package.json",
  "node_modules/jest-snapshot/package.json",
  "node_modules/jest-util/package.json",
  "node_modules/jest-validate/package.json",
  "node_modules/jest-watcher/package.json",
  "node_modules/jest-worker/package.json",
  "node_modules/js-tokens/package.json",
  "node_modules/js-yaml/package.json",
  "node_modules/jsbn/package.json",
  "node_modules/jsdom/package.json",
  "node_modules/jsesc/package.json",
  "node_modules/json-parse-even-better-errors/package.json",
  "node_modules/json-schema/package.json",
  "node_modules/json-schema-traverse/package.json",
  "node_modules/json-stable-stringify-without-jsonify/package.json",
  "node_modules/json-stringify-safe/package.json",
  "node_modules/json5/package.json",
  "node_modules/jsonfile/package.json",
  "node_modules/jsonparse/package.json",
  "node_modules/jsprim/package.json",
  "node_modules/kind-of/package.json",
  "node_modules/kleur/package.json",
  "node_modules/leven/package.json",
  "node_modules/levn/package.json",
  "node_modules/lines-and-columns/package.json",
  "node_modules/locate-path/package.json",
  "node_modules/lodash/package.json",
  "node_modules/lodash._reinterpolate/package.json",
  "node_modules/lodash.memoize/package.json",
  "node_modules/lodash.sortby/package.json",
  "node_modules/lodash.template/package.json",
  "node_modules/lodash.templatesettings/package.json",
  "node_modules/log-symbols/package.json",
  "node_modules/lru-cache/package.json",
  "node_modules/make-dir/package.json",
  "node_modules/make-error/package.json",
  "node_modules/makeerror/package.json",
  "node_modules/map-cache/package.json",
  "node_modules/map-obj/package.json",
  "node_modules/map-visit/package.json",
  "node_modules/meow/package.json",
  "node_modules/merge-stream/package.json",
  "node_modules/merge2/package.json",
  "node_modules/micromatch/package.json",
  "node_modules/mime-db/package.json",
  "node_modules/mime-types/package.json",
  "node_modules/mimic-fn/package.json",
  "node_modules/min-indent/package.json",
  "node_modules/minimatch/package.json",
  "node_modules/minimist/package.json",
  "node_modules/minimist-options/package.json",
  "node_modules/mixin-deep/package.json",
  "node_modules/mkdirp/package.json",
  "node_modules/ms/package.json",
  "node_modules/mute-stream/package.json",
  "node_modules/nanomatch/package.json",
  "node_modules/natural-compare/package.json",
  "node_modules/nice-try/package.json",
  "node_modules/node-int64/package.json",
  "node_modules/node-modules-regexp/package.json",
  "node_modules/node-notifier/package.json",
  "node_modules/normalize-package-data/package.json",
  "node_modules/normalize-path/package.json",
  "node_modules/npm-run-path/package.json",
  "node_modules/nwsapi/package.json",
  "node_modules/oauth-sign/package.json",
  "node_modules/object-copy/package.json",
  "node_modules/object-visit/package.json",
  "node_modules/object.pick/package.json",
  "node_modules/once/package.json",
  "node_modules/onetime/package.json",
  "node_modules/opencollective-postinstall/package.json",
  "node_modules/optionator/package.json",
  "node_modules/ora/package.json",
  "node_modules/p-each-series/package.json",
  "node_modules/p-finally/package.json",
  "node_modules/p-limit/package.json",
  "node_modules/p-locate/package.json",
  "node_modules/p-try/package.json",
  "node_modules/parent-module/package.json",
  "node_modules/parse-json/package.json",
  "node_modules/parse5/package.json",
  "node_modules/pascalcase/package.json",
  "node_modules/path-exists/package.json",
  "node_modules/path-is-absolute/package.json",
  "node_modules/path-key/package.json",
  "node_modules/path-parse/package.json",
  "node_modules/path-type/package.json",
  "node_modules/performance-now/package.json",
  "node_modules/picomatch/package.json",
  "node_modules/pirates/package.json",
  "node_modules/pkg-dir/package.json",
  "node_modules/please-upgrade-node/package.json",
  "node_modules/posix-character-classes/package.json",
  "node_modules/prelude-ls/package.json",
  "node_modules/pretty-format/package.json",
  "node_modules/process-nextick-args/package.json",
  "node_modules/progress/package.json",
  "node_modules/prompts/package.json",
  "node_modules/psl/package.json",
  "node_modules/pump/package.json",
  "node_modules/punycode/package.json",
  "node_modules/q/package.json",
  "node_modules/qs/package.json",
  "node_modules/quick-lru/package.json",
  "node_modules/react-is/package.json",
  "node_modules/read-pkg/package.json",
  "node_modules/read-pkg-up/package.json",
  "node_modules/readable-stream/package.json",
  "node_modules/redent/package.json",
  "node_modules/regenerator-runtime/package.json",
  "node_modules/regex-not/package.json",
  "node_modules/regexpp/package.json",
  "node_modules/remove-trailing-separator/package.json",
  "node_modules/repeat-element/package.json",
  "node_modules/repeat-string/package.json",
  "node_modules/request/package.json",
  "node_modules/request-promise-core/package.json",
  "node_modules/request-promise-native/package.json",
  "node_modules/require-directory/package.json",
  "node_modules/require-main-filename/package.json",
  "node_modules/resolve/package.json",
  "node_modules/resolve-cwd/package.json",
  "node_modules/resolve-from/package.json",
  "node_modules/resolve-global/package.json",
  "node_modules/resolve-url/package.json",
  "node_modules/restore-cursor/package.json",
  "node_modules/ret/package.json",
  "node_modules/reusify/package.json",
  "node_modules/rimraf/package.json",
  "node_modules/rsvp/package.json",
  "node_modules/run-parallel/package.json",
  "node_modules/safe-buffer/package.json",
  "node_modules/safe-regex/package.json",
  "node_modules/safer-buffer/package.json",
  "node_modules/sane/package.json",
  "node_modules/saxes/package.json",
  "node_modules/semver/package.json",
  "node_modules/semver-compare/package.json",
  "node_modules/semver-regex/package.json",
  "node_modules/set-blocking/package.json",
  "node_modules/set-value/package.json",
  "node_modules/shebang-command/package.json",
  "node_modules/shebang-regex/package.json",
  "node_modules/shellwords/package.json",
  "node_modules/signal-exit/package.json",
  "node_modules/simple-git/package.json",
  "node_modules/sisteransi/package.json",
  "node_modules/slash/package.json",
  "node_modules/slice-ansi/package.json",
  "node_modules/snapdragon/package.json",
  "node_modules/snapdragon-node/package.json",
  "node_modules/snapdragon-util/package.json",
  "node_modules/source-map/package.json",
  "node_modules/source-map-resolve/package.json",
  "node_modules/source-map-support/package.json",
  "node_modules/source-map-url/package.json",
  "node_modules/spdx-correct/package.json",
  "node_modules/spdx-exceptions/package.json",
  "node_modules/spdx-expression-parse/package.json",
  "node_modules/spdx-license-ids/package.json",
  "node_modules/split-string/package.json",
  "node_modules/split2/package.json",
  "node_modules/sprintf-js/package.json",
  "node_modules/sshpk/package.json",
  "node_modules/stack-utils/package.json",
  "node_modules/static-extend/package.json",
  "node_modules/stealthy-require/package.json",
  "node_modules/string-length/package.json",
  "node_modules/string-width/package.json",
  "node_modules/string_decoder/package.json",
  "node_modules/strip-ansi/package.json",
  "node_modules/strip-bom/package.json",
  "node_modules/strip-eof/package.json",
  "node_modules/strip-final-newline/package.json",
  "node_modules/strip-indent/package.json",
  "node_modules/strip-json-comments/package.json",
  "node_modules/supports-color/package.json",
  "node_modules/supports-hyperlinks/package.json",
  "node_modules/symbol-tree/package.json",
  "node_modules/table/package.json",
  "node_modules/terminal-link/package.json",
  "node_modules/test-exclude/package.json",
  "node_modules/text-extensions/package.json",
  "node_modules/text-table/package.json",
  "node_modules/throat/package.json",
  "node_modules/through/package.json",
  "node_modules/through2/package.json",
  "node_modules/tmpl/package.json",
  "node_modules/to-fast-properties/package.json",
  "node_modules/to-object-path/package.json",
  "node_modules/to-regex/package.json",
  "node_modules/to-regex-range/package.json",
  "node_modules/tough-cookie/package.json",
  "node_modules/tr46/package.json",
  "node_modules/trim-newlines/package.json",
  "node_modules/trim-off-newlines/package.json",
  "node_modules/ts-jest/package.json",
  "node_modules/ts-node/package.json",
  "node_modules/tslib/package.json",
  "node_modules/tsutils/package.json",
  "node_modules/tunnel-agent/package.json",
  "node_modules/tweetnacl/package.json",
  "node_modules/type-check/package.json",
  "node_modules/type-detect/package.json",
  "node_modules/type-fest/package.json",
  "node_modules/typedarray-to-buffer/package.json",
  "node_modules/typescript/package.json",
  "node_modules/union-value/package.json",
  "node_modules/universalify/package.json",
  "node_modules/unset-value/package.json",
  "node_modules/uri-js/package.json",
  "node_modules/urix/package.json",
  "node_modules/use/package.json",
  "node_modules/util-deprecate/package.json",
  "node_modules/uuid/package.json",
  "node_modules/v8-compile-cache/package.json",
  "node_modules/v8-to-istanbul/package.json",
  "node_modules/validate-npm-package-license/package.json",
  "node_modules/verror/package.json",
  "node_modules/w3c-hr-time/package.json",
  "node_modules/w3c-xmlserializer/package.json",
  "node_modules/walker/package.json",
  "node_modules/wcwidth/package.json",
  "node_modules/webidl-conversions/package.json",
  "node_modules/whatwg-encoding/package.json",
  "node_modules/whatwg-mimetype/package.json",
  "node_modules/whatwg-url/package.json",
  "node_modules/which/package.json",
  "node_modules/which-module/package.json",
  "node_modules/which-pm-runs/package.json",
  "node_modules/word-wrap/package.json",
  "node_modules/wrap-ansi/package.json",
  "node_modules/wrappy/package.json",
  "node_modules/write/package.json",
  "node_modules/write-file-atomic/package.json",
  "node_modules/ws/package.json",
  "node_modules/xml-name-validator/package.json",
  "node_modules/xmlchars/package.json",
  "node_modules/xtend/package.json",
  "node_modules/y18n/package.json",
  "node_modules/yallist/package.json",
  "node_modules/yaml/package.json",
  "node_modules/yargs/package.json",
  "node_modules/yargs-parser/package.json",
  "node_modules/yn/package.json",
]
`;
